// Jest Snapshot v1, https://goo.gl/fbAQLP

exports[`should render edit form 1`] = `
<div>
  <ExpenseForm
    expense={
      Object {
        "createdAt": -345600000,
        "description": "Gaz Bisssll",
        "id": "2",
        "price": 25000,
        "square": "",
      }
    }
    onSubmit={[Function]}
  />
  <button
    onClick={[Function]}
  >
    Remove
  </button>
</div>
`;
